---
source: tests/snapshot_test.rs
assertion_line: 34
expression: output
---
┌revenue vs date───────────────────────────────────────────────────────────────┐
│2k       │revenue                                             ⡠⠔⠁     ┌──────┐│
│         │                                                 ⢀⠔⠊       █ Tokyo ││
│         │                                               ⡠⠒⠁         █ Osaka⣀││
│         │                                            ⢀⠔⠉    ⢀⣀⣀⣀⠤⠤⠤⠤█ Nagoya││
│         │                                     ⣀⣀⣀⣀⠤⠤⠤⠔⠒⠒⠒⠉⠉⠉⠁        └──────┘│
│         │                       ⣀⣀⣀⡠⠤⠤⠤⠒⠒⠒⠊⠉⠉⠉  ⣀⠔⠁                          │
│         │             ⠠⠤⠔⠒⠒⠒⠉⠉⠉⠉             ⢀⠤⠊                             │
│1.5k     │                                  ⡠⠔⠁                               │
│         │                               ⢀⠔⠊                                  │
│         │                             ⡠⠒⠁                                    │
│         │                       ⢀⣀⣀⠤⠔⠉                                       │
│         │              ⣀⣀⠤⠤⠔⠒⠒⠉⠉⠁                                            │
│         │    ⣀⣀⡠⠤⠤⠒⠒⠊⠉⠉                                                      │
│1k       │⠒⠊⠉⠉                                                                │
│         │                                                                    │
│         │                                        •                           │
│         │                                                                    │
│         │                                                                    │
│         │                                                                    │
│500      │                                                                date│
│         └────────────────────────────────────────────────────────────────────│
│2024-01-01            2024-02-01 2024-03-01 2024-04-01 2024-05-01   2024-06-01│
└──────────────────────────────────────────────────────────────────────────────┘
