---
source: tests/snapshot_test.rs
assertion_line: 28
expression: output
---
     revenue by city───────────────────────────────────────────────────────────┐
4.0k│████████████████████                                                      │
    │████████████████████                                                      │
    │████████████████████ ▅▅▅▅▅▅▅▅▅▅▅▅▅▅▅▅▅▅▅▅                                 │
3.0k│████████████████████ ████████████████████                                 │
    │████████████████████ ████████████████████                                 │
2.0k│████████████████████ ████████████████████                                 │
    │████████████████████ ████████████████████                                 │
    │████████████████████ ████████████████████                                 │
1.0k│████████████████████ ████████████████████                                 │
    │████████████████████ ████████████████████ ████████████████████            │
   0│████████4.2k████████ ████████3.3k████████ ████████800█████████            │
            Tokyo                Osaka                Nagoya                   │
     ──────────────────────────────────────────────────────────────────────────┘
