---
source: tests/snapshot_test.rs
assertion_line: 40
expression: output
---
    Distribution of revenue────────────────────────────────────────────────────┐
  1│██████ ██████        ██████        ██████               ██████ ██████      │
   │██████ ██████        ██████        ██████               ██████ ██████      │
   │██████ ██████        ██████        ██████               ██████ ██████      │
   │██████ ██████        ██████        ██████               ██████ ██████      │
   │██████ ██████        ██████        ██████               ██████ ██████      │
   │██████ ██████        ██████        ██████               ██████ ██████      │
   │██████ ██████        ██████        ██████               ██████ ██████      │
   │██████ ██████        ██████        ██████               ██████ ██████      │
   │██████ ██████        ██████        ██████               ██████ ██████      │
   │██████ ██████        ██████        ██████               ██████ ██████      │
   │██████ ██████        ██████        ██████               ██████ ██████      │
   │██████ ██████        ██████        ██████               ██████ ██████      │
   │██████ ██████        ██████        ██████               ██████ ██████      │
   │██████ ██████        ██████        ██████               ██████ ██████      │
   │██████ ██████        ██████        ██████               ██████ ██████      │
   │██████ ██████        ██████        ██████               ██████ ██████      │
   │██████ ██████        ██████        ██████               ██████ ██████      │
   │██████ ██████        ██████        ██████               ██████ ██████      │
   │██████ ██████        ██████        ██████               ██████ ██████      │
   │██████ ██████        ██████        ██████               ██████ ██████      │
  0│██1███ ██1███        ██1███        ██1███               ██1███ ██1███      │
    800-92 920-10 1040-1 1160-1 1280-1 1400-1 1520-1 1640-1 1760-1 1880-2      │
    ───────────────────────────────────────────────────────────────────────────┘
